
> @jjlmoya/utils-diy@1.3.0 test
> vitest run src/tests/title_quality.test.ts


[1m[46m RUN [49m[22m [36mv4.1.2 [39m[90mD:/code/jjlmoya-utils-diy[39m

 [31mÔØ»[39m src/tests/title_quality.test.ts [2m([22m[2m210 tests[22m[2m | [22m[31m1 failed[39m[2m)[22m[32m 73[2mms[22m[39m
     [32mÔ£ô[39m Verify that titles in D:\code\jjlmoya-utils-diy\src\tool\balusterCalculator\i18n\de.ts do not contain | or -[32m 2[2mms[22m[39m
     [32mÔ£ô[39m Verify that titles in D:\code\jjlmoya-utils-diy\src\tool\balusterCalculator\i18n\en.ts do not contain | or -[32m 0[2mms[22m[39m
     [32mÔ£ô[39m Verify that titles in D:\code\jjlmoya-utils-diy\src\tool\balusterCalculator\i18n\es.ts do not contain | or -[32m 0[2mms[22m[39m
     [32mÔ£ô[39m Verify that titles in D:\code\jjlmoya-utils-diy\src\tool\balusterCalculator\i18n\fr.ts do not contain | or -[32m 1[2mms[22m[39m
[31m     [31m├ù[31m Verify that titles in D:\code\jjlmoya-utils-diy\src\tool\balusterCalculator\i18n\id.ts do not contain | or -[39m[32m 4[2mms[22m[39m
     [32mÔ£ô[39m Verify that titles in D:\code\jjlmoya-utils-diy\src\tool\balusterCalculator\i18n\it.ts do not contain | or -[32m 0[2mms[22m[39m
     [32mÔ£ô[39m Verify that titles in D:\code\jjlmoya-utils-diy\src\tool\balusterCalculator\i18n\ja.ts do not contain | or -[32m 0[2mms[22m[39m
     [32mÔ£ô[39m Verify that titles in D:\code\jjlmoya-utils-diy\src\tool\balusterCalculator\i18n\ko.ts do not contain | or -[32m 0[2mms[22m[39m
     [32mÔ£ô[39m Verify that titles in D:\code\jjlmoya-utils-diy\src\tool\balusterCalculator\i18n\nl.ts do not contain | or -[32m 1[2mms[22m[39m
     [32mÔ£ô[39m Verify that titles in D:\code\jjlmoya-utils-diy\src\tool\balusterCalculator\i18n\pl.ts do not contain | or -[32m 0[2mms[22m[39m
     [32mÔ£ô[39m Verify that titles in D:\code\jjlmoya-utils-diy\src\tool\balusterCalculator\i18n\pt.ts do not contain | or -[32m 0[2mms[22m[39m
     [32mÔ£ô[39m Verify that titles in D:\code\jjlmoya-utils-diy\src\tool\balusterCalculator\i18n\ru.ts do not contain | or -[32m 0[2mms[22m[39m
     [32mÔ£ô[39m Verify that titles in D:\code\jjlmoya-utils-diy\src\tool\balusterCalculator\i18n\sv.ts do not contain | or -[32m 0[2mms[22m[39m
     [32mÔ£ô[39m Verify that titles in D:\code\jjlmoya-utils-diy\src\tool\balusterCalculator\i18n\tr.ts do not contain | or -[32m 0[2mms[22m[39m
     [32mÔ£ô[39m Verify that titles in D:\code\jjlmoya-utils-diy\src\tool\balusterCalculator\i18n\zh.ts do not contain | or -[32m 0[2mms[22m[39m
     [32mÔ£ô[39m Verify that titles in D:\code\jjlmoya-utils-diy\src\tool\clayCalculator\i18n\de.ts do not contain | or -[32m 0[2mms[22m[39m
     [32mÔ£ô[39m Verify that titles in D:\code\jjlmoya-utils-diy\src\tool\clayCalculator\i18n\en.ts do not contain | or -[32m 0[2mms[22m[39m
     [32mÔ£ô[39m Verify that titles in D:\code\jjlmoya-utils-diy\src\tool\clayCalculator\i18n\es.ts do not contain | or -[32m 0[2mms[22m[39m
     [32mÔ£ô[39m Verify that titles in D:\code\jjlmoya-utils-diy\src\tool\clayCalculator\i18n\fr.ts do not contain | or -[32m 0[2mms[22m[39m
     [32mÔ£ô[39m Verify that titles in D:\code\jjlmoya-utils-diy\src\tool\clayCalculator\i18n\id.ts do not contain | or -[32m 0[2mms[22m[39m
     [32mÔ£ô[39m Verify that titles in D:\code\jjlmoya-utils-diy\src\tool\clayCalculator\i18n\it.ts do not contain | or -[32m 0[2mms[22m[39m
     [32mÔ£ô[39m Verify that titles in D:\code\jjlmoya-utils-diy\src\tool\clayCalculator\i18n\ja.ts do not contain | or -[32m 0[2mms[22m[39m
     [32mÔ£ô[39m Verify that titles in D:\code\jjlmoya-utils-diy\src\tool\clayCalculator\i18n\ko.ts do not contain | or -[32m 0[2mms[22m[39m
     [32mÔ£ô[39m Verify that titles in D:\code\jjlmoya-utils-diy\src\tool\clayCalculator\i18n\nl.ts do not contain | or -[32m 0[2mms[22m[39m
     [32mÔ£ô[39m Verify that titles in D:\code\jjlmoya-utils-diy\src\tool\clayCalculator\i18n\pl.ts do not contain | or -[32m 0[2mms[22m[39m
     [32mÔ£ô[39m Verify that titles in D:\code\jjlmoya-utils-diy\src\tool\clayCalculator\i18n\pt.ts do not contain | or -[32m 0[2mms[22m[39m
     [32mÔ£ô[39m Verify that titles in D:\code\jjlmoya-utils-diy\src\tool\clayCalculator\i18n\ru.ts do not contain | or -[32m 0[2mms[22m[39m
     [32mÔ£ô[39m Verify that titles in D:\code\jjlmoya-utils-diy\src\tool\clayCalculator\i18n\sv.ts do not contain | or -[32m 0[2mms[22m[39m
     [32mÔ£ô[39m Verify that titles in D:\code\jjlmoya-utils-diy\src\tool\clayCalculator\i18n\tr.ts do not contain | or -[32m 0[2mms[22m[39m
     [32mÔ£ô[39m Verify that titles in D:\code\jjlmoya-utils-diy\src\tool\clayCalculator\i18n\zh.ts do not contain | or -[32m 0[2mms[22m[39m
     [32mÔ£ô[39m Verify that titles in D:\code\jjlmoya-utils-diy\src\tool\concreteCalculator\i18n\de.ts do not contain | or -[32m 0[2mms[22m[39m
     [32mÔ£ô[39m Verify that titles in D:\code\jjlmoya-utils-diy\src\tool\concreteCalculator\i18n\en.ts do not contain | or -[32m 0[2mms[22m[39m
     [32mÔ£ô[39m Verify that titles in D:\code\jjlmoya-utils-diy\src\tool\concreteCalculator\i18n\es.ts do not contain | or -[32m 0[2mms[22m[39m
     [32mÔ£ô[39m Verify that titles in D:\code\jjlmoya-utils-diy\src\tool\concreteCalculator\i18n\fr.ts do not contain | or -[32m 0[2mms[22m[39m
     [32mÔ£ô[39m Verify that titles in D:\code\jjlmoya-utils-diy\src\tool\concreteCalculator\i18n\id.ts do not contain | or -[32m 0[2mms[22m[39m
     [32mÔ£ô[39m Verify that titles in D:\code\jjlmoya-utils-diy\src\tool\concreteCalculator\i18n\it.ts do not contain | or -[32m 0[2mms[22m[39m
     [32mÔ£ô[39m Verify that titles in D:\code\jjlmoya-utils-diy\src\tool\concreteCalculator\i18n\ja.ts do not contain | or -[32m 0[2mms[22m[39m
     [32mÔ£ô[39m Verify that titles in D:\code\jjlmoya-utils-diy\src\tool\concreteCalculator\i18n\ko.ts do not contain | or -[32m 0[2mms[22m[39m
     [32mÔ£ô[39m Verify that titles in D:\code\jjlmoya-utils-diy\src\tool\concreteCalculator\i18n\nl.ts do not contain | or -[32m 0[2mms[22m[39m
     [32mÔ£ô[39m Verify that titles in D:\code\jjlmoya-utils-diy\src\tool\concreteCalculator\i18n\pl.ts do not contain | or -[32m 0[2mms[22m[39m
     [32mÔ£ô[39m Verify that titles in D:\code\jjlmoya-utils-diy\src\tool\concreteCalculator\i18n\pt.ts do not contain | or -[32m 0[2mms[22m[39m
     [32mÔ£ô[39m Verify that titles in D:\code\jjlmoya-utils-diy\src\tool\concreteCalculator\i18n\ru.ts do not contain | or -[32m 0[2mms[22m[39m
     [32mÔ£ô[39m Verify that titles in D:\code\jjlmoya-utils-diy\src\tool\concreteCalculator\i18n\sv.ts do not contain | or -[32m 0[2mms[22m[39m
     [32mÔ£ô[39m Verify that titles in D:\code\jjlmoya-utils-diy\src\tool\concreteCalculator\i18n\tr.ts do not contain | or -[32m 0[2mms[22m[39m
     [32mÔ£ô[39m Verify that titles in D:\code\jjlmoya-utils-diy\src\tool\concreteCalculator\i18n\zh.ts do not contain | or -[32m 0[2mms[22m[39m
     [32mÔ£ô[39m Verify that titles in D:\code\jjlmoya-utils-diy\src\tool\cutOptimizer\i18n\de.ts do not contain | or -[32m 0[2mms[22m[39m
     [32mÔ£ô[39m Verify that titles in D:\code\jjlmoya-utils-diy\src\tool\cutOptimizer\i18n\en.ts do not contain | or -[32m 0[2mms[22m[39m
     [32mÔ£ô[39m Verify that titles in D:\code\jjlmoya-utils-diy\src\tool\cutOptimizer\i18n\es.ts do not contain | or -[32m 0[2mms[22m[39m
     [32mÔ£ô[39m Verify that titles in D:\code\jjlmoya-utils-diy\src\tool\cutOptimizer\i18n\fr.ts do not contain | or -[32m 0[2mms[22m[39m
     [32mÔ£ô[39m Verify that titles in D:\code\jjlmoya-utils-diy\src\tool\cutOptimizer\i18n\id.ts do not contain | or -[32m 0[2mms[22m[39m
     [32mÔ£ô[39m Verify that titles in D:\code\jjlmoya-utils-diy\src\tool\cutOptimizer\i18n\it.ts do not contain | or -[32m 0[2mms[22m[39m
     [32mÔ£ô[39m Verify that titles in D:\code\jjlmoya-utils-diy\src\tool\cutOptimizer\i18n\ja.ts do not contain | or -[32m 0[2mms[22m[39m
     [32mÔ£ô[39m Verify that titles in D:\code\jjlmoya-utils-diy\src\tool\cutOptimizer\i18n\ko.ts do not contain | or -[32m 0[2mms[22m[39m
     [32mÔ£ô[39m Verify that titles in D:\code\jjlmoya-utils-diy\src\tool\cutOptimizer\i18n\nl.ts do not contain | or -[32m 0[2mms[22m[39m
     [32mÔ£ô[39m Verify that titles in D:\code\jjlmoya-utils-diy\src\tool\cutOptimizer\i18n\pl.ts do not contain | or -[32m 0[2mms[22m[39m
     [32mÔ£ô[39m Verify that titles in D:\code\jjlmoya-utils-diy\src\tool\cutOptimizer\i18n\pt.ts do not contain | or -[32m 0[2mms[22m[39m
     [32mÔ£ô[39m Verify that titles in D:\code\jjlmoya-utils-diy\src\tool\cutOptimizer\i18n\ru.ts do not contain | or -[32m 0[2mms[22m[39m
     [32mÔ£ô[39m Verify that titles in D:\code\jjlmoya-utils-diy\src\tool\cutOptimizer\i18n\sv.ts do not contain | or -[32m 0[2mms[22m[39m
     [32mÔ£ô[39m Verify that titles in D:\code\jjlmoya-utils-diy\src\tool\cutOptimizer\i18n\tr.ts do not contain | or -[32m 0[2mms[22m[39m
     [32mÔ£ô[39m Verify that titles in D:\code\jjlmoya-utils-diy\src\tool\cutOptimizer\i18n\zh.ts do not contain | or -[32m 0[2mms[22m[39m
     [32mÔ£ô[39m Verify that titles in D:\code\jjlmoya-utils-diy\src\tool\drillCalculator\i18n\de.ts do not contain | or -[32m 0[2mms[22m[39m
     [32mÔ£ô[39m Verify that titles in D:\code\jjlmoya-utils-diy\src\tool\drillCalculator\i18n\en.ts do not contain | or -[32m 0[2mms[22m[39m
     [32mÔ£ô[39m Verify that titles in D:\code\jjlmoya-utils-diy\src\tool\drillCalculator\i18n\es.ts do not contain | or -[32m 0[2mms[22m[39m
     [32mÔ£ô[39m Verify that titles in D:\code\jjlmoya-utils-diy\src\tool\drillCalculator\i18n\fr.ts do not contain | or -[32m 0[2mms[22m[39m
     [32mÔ£ô[39m Verify that titles in D:\code\jjlmoya-utils-diy\src\tool\drillCalculator\i18n\id.ts do not contain | or -[32m 0[2mms[22m[39m
     [32mÔ£ô[39m Verify that titles in D:\code\jjlmoya-utils-diy\src\tool\drillCalculator\i18n\it.ts do not contain | or -[32m 0[2mms[22m[39m
     [32mÔ£ô[39m Verify that titles in D:\code\jjlmoya-utils-diy\src\tool\drillCalculator\i18n\ja.ts do not contain | or -[32m 0[2mms[22m[39m
     [32mÔ£ô[39m Verify that titles in D:\code\jjlmoya-utils-diy\src\tool\drillCalculator\i18n\ko.ts do not contain | or -[32m 0[2mms[22m[39m
     [32mÔ£ô[39m Verify that titles in D:\code\jjlmoya-utils-diy\src\tool\drillCalculator\i18n\nl.ts do not contain | or -[32m 0[2mms[22m[39m
     [32mÔ£ô[39m Verify that titles in D:\code\jjlmoya-utils-diy\src\tool\drillCalculator\i18n\pl.ts do not contain | or -[32m 0[2mms[22m[39m
     [32mÔ£ô[39m Verify that titles in D:\code\jjlmoya-utils-diy\src\tool\drillCalculator\i18n\pt.ts do not contain | or -[32m 2[2mms[22m[39m
     [32mÔ£ô[39m Verify that titles in D:\code\jjlmoya-utils-diy\src\tool\drillCalculator\i18n\ru.ts do not contain | or -[32m 0[2mms[22m[39m
     [32mÔ£ô[39m Verify that titles in D:\code\jjlmoya-utils-diy\src\tool\drillCalculator\i18n\sv.ts do not contain | or -[32m 0[2mms[22m[39m
     [32mÔ£ô[39m Verify that titles in D:\code\jjlmoya-utils-diy\src\tool\drillCalculator\i18n\tr.ts do not contain | or -[32m 0[2mms[22m[39m
     [32mÔ£ô[39m Verify that titles in D:\code\jjlmoya-utils-diy\src\tool\drillCalculator\i18n\zh.ts do not contain | or -[32m 0[2mms[22m[39m
     [32mÔ£ô[39m Verify that titles in D:\code\jjlmoya-utils-diy\src\tool\drillSharpener\i18n\de.ts do not contain | or -[32m 0[2mms[22m[39m
     [32mÔ£ô[39m Verify that titles in D:\code\jjlmoya-utils-diy\src\tool\drillSharpener\i18n\en.ts do not contain | or -[32m 0[2mms[22m[39m
     [32mÔ£ô[39m Verify that titles in D:\code\jjlmoya-utils-diy\src\tool\drillSharpener\i18n\es.ts do not contain | or -[32m 0[2mms[22m[39m
     [32mÔ£ô[39m Verify that titles in D:\code\jjlmoya-utils-diy\src\tool\drillSharpener\i18n\fr.ts do not contain | or -[32m 0[2mms[22m[39m
     [32mÔ£ô[39m Verify that titles in D:\code\jjlmoya-utils-diy\src\tool\drillSharpener\i18n\id.ts do not contain | or -[32m 0[2mms[22m[39m
     [32mÔ£ô[39m Verify that titles in D:\code\jjlmoya-utils-diy\src\tool\drillSharpener\i18n\it.ts do not contain | or -[32m 0[2mms[22m[39m
     [32mÔ£ô[39m Verify that titles in D:\code\jjlmoya-utils-diy\src\tool\drillSharpener\i18n\ja.ts do not contain | or -[32m 0[2mms[22m[39m
     [32mÔ£ô[39m Verify that titles in D:\code\jjlmoya-utils-diy\src\tool\drillSharpener\i18n\ko.ts do not contain | or -[32m 0[2mms[22m[39m
     [32mÔ£ô[39m Verify that titles in D:\code\jjlmoya-utils-diy\src\tool\drillSharpener\i18n\nl.ts do not contain | or -[32m 0[2mms[22m[39m
     [32mÔ£ô[39m Verify that titles in D:\code\jjlmoya-utils-diy\src\tool\drillSharpener\i18n\pl.ts do not contain | or -[32m 0[2mms[22m[39m
     [32mÔ£ô[39m Verify that titles in D:\code\jjlmoya-utils-diy\src\tool\drillSharpener\i18n\pt.ts do not contain | or -[32m 0[2mms[22m[39m
     [32mÔ£ô[39m Verify that titles in D:\code\jjlmoya-utils-diy\src\tool\drillSharpener\i18n\ru.ts do not contain | or -[32m 0[2mms[22m[39m
     [32mÔ£ô[39m Verify that titles in D:\code\jjlmoya-utils-diy\src\tool\drillSharpener\i18n\sv.ts do not contain | or -[32m 0[2mms[22m[39m
     [32mÔ£ô[39m Verify that titles in D:\code\jjlmoya-utils-diy\src\tool\drillSharpener\i18n\tr.ts do not contain | or -[32m 0[2mms[22m[39m
     [32mÔ£ô[39m Verify that titles in D:\code\jjlmoya-utils-diy\src\tool\drillSharpener\i18n\zh.ts do not contain | or -[32m 0[2mms[22m[39m
     [32mÔ£ô[39m Verify that titles in D:\code\jjlmoya-utils-diy\src\tool\epoxyCalculator\i18n\de.ts do not contain | or -[32m 0[2mms[22m[39m
     [32mÔ£ô[39m Verify that titles in D:\code\jjlmoya-utils-diy\src\tool\epoxyCalculator\i18n\en.ts do not contain | or -[32m 0[2mms[22m[39m
     [32mÔ£ô[39m Verify that titles in D:\code\jjlmoya-utils-diy\src\tool\epoxyCalculator\i18n\es.ts do not contain | or -[32m 0[2mms[22m[39m
     [32mÔ£ô[39m Verify that titles in D:\code\jjlmoya-utils-diy\src\tool\epoxyCalculator\i18n\fr.ts do not contain | or -[32m 0[2mms[22m[39m
     [32mÔ£ô[39m Verify that titles in D:\code\jjlmoya-utils-diy\src\tool\epoxyCalculator\i18n\id.ts do not contain | or -[32m 0[2mms[22m[39m
     [32mÔ£ô[39m Verify that titles in D:\code\jjlmoya-utils-diy\src\tool\epoxyCalculator\i18n\it.ts do not contain | or -[32m 0[2mms[22m[39m
     [32mÔ£ô[39m Verify that titles in D:\code\jjlmoya-utils-diy\src\tool\epoxyCalculator\i18n\ja.ts do not contain | or -[32m 0[2mms[22m[39m
     [32mÔ£ô[39m Verify that titles in D:\code\jjlmoya-utils-diy\src\tool\epoxyCalculator\i18n\ko.ts do not contain | or -[32m 0[2mms[22m[39m
     [32mÔ£ô[39m Verify that titles in D:\code\jjlmoya-utils-diy\src\tool\epoxyCalculator\i18n\nl.ts do not contain | or -[32m 0[2mms[22m[39m
     [32mÔ£ô[39m Verify that titles in D:\code\jjlmoya-utils-diy\src\tool\epoxyCalculator\i18n\pl.ts do not contain | or -[32m 0[2mms[22m[39m
     [32mÔ£ô[39m Verify that titles in D:\code\jjlmoya-utils-diy\src\tool\epoxyCalculator\i18n\pt.ts do not contain | or -[32m 0[2mms[22m[39m
     [32mÔ£ô[39m Verify that titles in D:\code\jjlmoya-utils-diy\src\tool\epoxyCalculator\i18n\ru.ts do not contain | or -[32m 0[2mms[22m[39m
     [32mÔ£ô[39m Verify that titles in D:\code\jjlmoya-utils-diy\src\tool\epoxyCalculator\i18n\sv.ts do not contain | or -[32m 0[2mms[22m[39m
     [32mÔ£ô[39m Verify that titles in D:\code\jjlmoya-utils-diy\src\tool\epoxyCalculator\i18n\tr.ts do not contain | or -[32m 0[2mms[22m[39m
     [32mÔ£ô[39m Verify that titles in D:\code\jjlmoya-utils-diy\src\tool\epoxyCalculator\i18n\zh.ts do not contain | or -[32m 0[2mms[22m[39m
     [32mÔ£ô[39m Verify that titles in D:\code\jjlmoya-utils-diy\src\tool\furnitureFit\i18n\de.ts do not contain | or -[32m 0[2mms[22m[39m
     [32mÔ£ô[39m Verify that titles in D:\code\jjlmoya-utils-diy\src\tool\furnitureFit\i18n\en.ts do not contain | or -[32m 0[2mms[22m[39m
     [32mÔ£ô[39m Verify that titles in D:\code\jjlmoya-utils-diy\src\tool\furnitureFit\i18n\es.ts do not contain | or -[32m 0[2mms[22m[39m
     [32mÔ£ô[39m Verify that titles in D:\code\jjlmoya-utils-diy\src\tool\furnitureFit\i18n\fr.ts do not contain | or -[32m 0[2mms[22m[39m
     [32mÔ£ô[39m Verify that titles in D:\code\jjlmoya-utils-diy\src\tool\furnitureFit\i18n\id.ts do not contain | or -[32m 0[2mms[22m[39m
     [32mÔ£ô[39m Verify that titles in D:\code\jjlmoya-utils-diy\src\tool\furnitureFit\i18n\it.ts do not contain | or -[32m 0[2mms[22m[39m
     [32mÔ£ô[39m Verify that titles in D:\code\jjlmoya-utils-diy\src\tool\furnitureFit\i18n\ja.ts do not contain | or -[32m 0[2mms[22m[39m
     [32mÔ£ô[39m Verify that titles in D:\code\jjlmoya-utils-diy\src\tool\furnitureFit\i18n\ko.ts do not contain | or -[32m 0[2mms[22m[39m
     [32mÔ£ô[39m Verify that titles in D:\code\jjlmoya-utils-diy\src\tool\furnitureFit\i18n\nl.ts do not contain | or -[32m 0[2mms[22m[39m
     [32mÔ£ô[39m Verify that titles in D:\code\jjlmoya-utils-diy\src\tool\furnitureFit\i18n\pl.ts do not contain | or -[32m 0[2mms[22m[39m
     [32mÔ£ô[39m Verify that titles in D:\code\jjlmoya-utils-diy\src\tool\furnitureFit\i18n\pt.ts do not contain | or -[32m 0[2mms[22m[39m
     [32mÔ£ô[39m Verify that titles in D:\code\jjlmoya-utils-diy\src\tool\furnitureFit\i18n\ru.ts do not contain | or -[32m 0[2mms[22m[39m
     [32mÔ£ô[39m Verify that titles in D:\code\jjlmoya-utils-diy\src\tool\furnitureFit\i18n\sv.ts do not contain | or -[32m 0[2mms[22m[39m
     [32mÔ£ô[39m Verify that titles in D:\code\jjlmoya-utils-diy\src\tool\furnitureFit\i18n\tr.ts do not contain | or -[32m 0[2mms[22m[39m
     [32mÔ£ô[39m Verify that titles in D:\code\jjlmoya-utils-diy\src\tool\furnitureFit\i18n\zh.ts do not contain | or -[32m 0[2mms[22m[39m
     [32mÔ£ô[39m Verify that titles in D:\code\jjlmoya-utils-diy\src\tool\mortarCalculator\i18n\de.ts do not contain | or -[32m 0[2mms[22m[39m
     [32mÔ£ô[39m Verify that titles in D:\code\jjlmoya-utils-diy\src\tool\mortarCalculator\i18n\en.ts do not contain | or -[32m 0[2mms[22m[39m
     [32mÔ£ô[39m Verify that titles in D:\code\jjlmoya-utils-diy\src\tool\mortarCalculator\i18n\es.ts do not contain | or -[32m 0[2mms[22m[39m
     [32mÔ£ô[39m Verify that titles in D:\code\jjlmoya-utils-diy\src\tool\mortarCalculator\i18n\fr.ts do not contain | or -[32m 0[2mms[22m[39m
     [32mÔ£ô[39m Verify that titles in D:\code\jjlmoya-utils-diy\src\tool\mortarCalculator\i18n\id.ts do not contain | or -[32m 0[2mms[22m[39m
     [32mÔ£ô[39m Verify that titles in D:\code\jjlmoya-utils-diy\src\tool\mortarCalculator\i18n\it.ts do not contain | or -[32m 0[2mms[22m[39m
     [32mÔ£ô[39m Verify that titles in D:\code\jjlmoya-utils-diy\src\tool\mortarCalculator\i18n\ja.ts do not contain | or -[32m 0[2mms[22m[39m
     [32mÔ£ô[39m Verify that titles in D:\code\jjlmoya-utils-diy\src\tool\mortarCalculator\i18n\ko.ts do not contain | or -[32m 0[2mms[22m[39m
     [32mÔ£ô[39m Verify that titles in D:\code\jjlmoya-utils-diy\src\tool\mortarCalculator\i18n\nl.ts do not contain | or -[32m 0[2mms[22m[39m
     [32mÔ£ô[39m Verify that titles in D:\code\jjlmoya-utils-diy\src\tool\mortarCalculator\i18n\pl.ts do not contain | or -[32m 0[2mms[22m[39m
     [32mÔ£ô[39m Verify that titles in D:\code\jjlmoya-utils-diy\src\tool\mortarCalculator\i18n\pt.ts do not contain | or -[32m 0[2mms[22m[39m
     [32mÔ£ô[39m Verify that titles in D:\code\jjlmoya-utils-diy\src\tool\mortarCalculator\i18n\ru.ts do not contain | or -[32m 0[2mms[22m[39m
     [32mÔ£ô[39m Verify that titles in D:\code\jjlmoya-utils-diy\src\tool\mortarCalculator\i18n\sv.ts do not contain | or -[32m 0[2mms[22m[39m
     [32mÔ£ô[39m Verify that titles in D:\code\jjlmoya-utils-diy\src\tool\mortarCalculator\i18n\tr.ts do not contain | or -[32m 0[2mms[22m[39m
     [32mÔ£ô[39m Verify that titles in D:\code\jjlmoya-utils-diy\src\tool\mortarCalculator\i18n\zh.ts do not contain | or -[32m 0[2mms[22m[39m
     [32mÔ£ô[39m Verify that titles in D:\code\jjlmoya-utils-diy\src\tool\passepartoutCalculator\i18n\de.ts do not contain | or -[32m 0[2mms[22m[39m
     [32mÔ£ô[39m Verify that titles in D:\code\jjlmoya-utils-diy\src\tool\passepartoutCalculator\i18n\en.ts do not contain | or -[32m 0[2mms[22m[39m
     [32mÔ£ô[39m Verify that titles in D:\code\jjlmoya-utils-diy\src\tool\passepartoutCalculator\i18n\es.ts do not contain | or -[32m 0[2mms[22m[39m
     [32mÔ£ô[39m Verify that titles in D:\code\jjlmoya-utils-diy\src\tool\passepartoutCalculator\i18n\fr.ts do not contain | or -[32m 0[2mms[22m[39m
     [32mÔ£ô[39m Verify that titles in D:\code\jjlmoya-utils-diy\src\tool\passepartoutCalculator\i18n\id.ts do not contain | or -[32m 0[2mms[22m[39m
     [32mÔ£ô[39m Verify that titles in D:\code\jjlmoya-utils-diy\src\tool\passepartoutCalculator\i18n\it.ts do not contain | or -[32m 0[2mms[22m[39m
     [32mÔ£ô[39m Verify that titles in D:\code\jjlmoya-utils-diy\src\tool\passepartoutCalculator\i18n\ja.ts do not contain | or -[32m 0[2mms[22m[39m
     [32mÔ£ô[39m Verify that titles in D:\code\jjlmoya-utils-diy\src\tool\passepartoutCalculator\i18n\ko.ts do not contain | or -[32m 0[2mms[22m[39m
     [32mÔ£ô[39m Verify that titles in D:\code\jjlmoya-utils-diy\src\tool\passepartoutCalculator\i18n\nl.ts do not contain | or -[32m 0[2mms[22m[39m
     [32mÔ£ô[39m Verify that titles in D:\code\jjlmoya-utils-diy\src\tool\passepartoutCalculator\i18n\pl.ts do not contain | or -[32m 0[2mms[22m[39m
     [32mÔ£ô[39m Verify that titles in D:\code\jjlmoya-utils-diy\src\tool\passepartoutCalculator\i18n\pt.ts do not contain | or -[32m 0[2mms[22m[39m
     [32mÔ£ô[39m Verify that titles in D:\code\jjlmoya-utils-diy\src\tool\passepartoutCalculator\i18n\ru.ts do not contain | or -[32m 0[2mms[22m[39m
     [32mÔ£ô[39m Verify that titles in D:\code\jjlmoya-utils-diy\src\tool\passepartoutCalculator\i18n\sv.ts do not contain | or -[32m 0[2mms[22m[39m
     [32mÔ£ô[39m Verify that titles in D:\code\jjlmoya-utils-diy\src\tool\passepartoutCalculator\i18n\tr.ts do not contain | or -[32m 0[2mms[22m[39m
     [32mÔ£ô[39m Verify that titles in D:\code\jjlmoya-utils-diy\src\tool\passepartoutCalculator\i18n\zh.ts do not contain | or -[32m 0[2mms[22m[39m
     [32mÔ£ô[39m Verify that titles in D:\code\jjlmoya-utils-diy\src\tool\stairCalculator\i18n\de.ts do not contain | or -[32m 0[2mms[22m[39m
     [32mÔ£ô[39m Verify that titles in D:\code\jjlmoya-utils-diy\src\tool\stairCalculator\i18n\en.ts do not contain | or -[32m 0[2mms[22m[39m
     [32mÔ£ô[39m Verify that titles in D:\code\jjlmoya-utils-diy\src\tool\stairCalculator\i18n\es.ts do not contain | or -[32m 0[2mms[22m[39m
     [32mÔ£ô[39m Verify that titles in D:\code\jjlmoya-utils-diy\src\tool\stairCalculator\i18n\fr.ts do not contain | or -[32m 0[2mms[22m[39m
     [32mÔ£ô[39m Verify that titles in D:\code\jjlmoya-utils-diy\src\tool\stairCalculator\i18n\id.ts do not contain | or -[32m 0[2mms[22m[39m
     [32mÔ£ô[39m Verify that titles in D:\code\jjlmoya-utils-diy\src\tool\stairCalculator\i18n\it.ts do not contain | or -[32m 0[2mms[22m[39m
     [32mÔ£ô[39m Verify that titles in D:\code\jjlmoya-utils-diy\src\tool\stairCalculator\i18n\ja.ts do not contain | or -[32m 0[2mms[22m[39m
     [32mÔ£ô[39m Verify that titles in D:\code\jjlmoya-utils-diy\src\tool\stairCalculator\i18n\ko.ts do not contain | or -[32m 0[2mms[22m[39m
     [32mÔ£ô[39m Verify that titles in D:\code\jjlmoya-utils-diy\src\tool\stairCalculator\i18n\nl.ts do not contain | or -[32m 0[2mms[22m[39m
     [32mÔ£ô[39m Verify that titles in D:\code\jjlmoya-utils-diy\src\tool\stairCalculator\i18n\pl.ts do not contain | or -[32m 0[2mms[22m[39m
     [32mÔ£ô[39m Verify that titles in D:\code\jjlmoya-utils-diy\src\tool\stairCalculator\i18n\pt.ts do not contain | or -[32m 0[2mms[22m[39m
     [32mÔ£ô[39m Verify that titles in D:\code\jjlmoya-utils-diy\src\tool\stairCalculator\i18n\ru.ts do not contain | or -[32m 0[2mms[22m[39m
     [32mÔ£ô[39m Verify that titles in D:\code\jjlmoya-utils-diy\src\tool\stairCalculator\i18n\sv.ts do not contain | or -[32m 0[2mms[22m[39m
     [32mÔ£ô[39m Verify that titles in D:\code\jjlmoya-utils-diy\src\tool\stairCalculator\i18n\tr.ts do not contain | or -[32m 0[2mms[22m[39m
     [32mÔ£ô[39m Verify that titles in D:\code\jjlmoya-utils-diy\src\tool\stairCalculator\i18n\zh.ts do not contain | or -[32m 0[2mms[22m[39m
     [32mÔ£ô[39m Verify that titles in D:\code\jjlmoya-utils-diy\src\tool\thermalExpansionCalculator\i18n\de.ts do not contain | or -[32m 0[2mms[22m[39m
     [32mÔ£ô[39m Verify that titles in D:\code\jjlmoya-utils-diy\src\tool\thermalExpansionCalculator\i18n\en.ts do not contain | or -[32m 0[2mms[22m[39m
     [32mÔ£ô[39m Verify that titles in D:\code\jjlmoya-utils-diy\src\tool\thermalExpansionCalculator\i18n\es.ts do not contain | or -[32m 0[2mms[22m[39m
     [32mÔ£ô[39m Verify that titles in D:\code\jjlmoya-utils-diy\src\tool\thermalExpansionCalculator\i18n\fr.ts do not contain | or -[32m 0[2mms[22m[39m
     [32mÔ£ô[39m Verify that titles in D:\code\jjlmoya-utils-diy\src\tool\thermalExpansionCalculator\i18n\id.ts do not contain | or -[32m 0[2mms[22m[39m
     [32mÔ£ô[39m Verify that titles in D:\code\jjlmoya-utils-diy\src\tool\thermalExpansionCalculator\i18n\it.ts do not contain | or -[32m 0[2mms[22m[39m
     [32mÔ£ô[39m Verify that titles in D:\code\jjlmoya-utils-diy\src\tool\thermalExpansionCalculator\i18n\ja.ts do not contain | or -[32m 0[2mms[22m[39m
     [32mÔ£ô[39m Verify that titles in D:\code\jjlmoya-utils-diy\src\tool\thermalExpansionCalculator\i18n\ko.ts do not contain | or -[32m 0[2mms[22m[39m
     [32mÔ£ô[39m Verify that titles in D:\code\jjlmoya-utils-diy\src\tool\thermalExpansionCalculator\i18n\nl.ts do not contain | or -[32m 0[2mms[22m[39m
     [32mÔ£ô[39m Verify that titles in D:\code\jjlmoya-utils-diy\src\tool\thermalExpansionCalculator\i18n\pl.ts do not contain | or -[32m 0[2mms[22m[39m
     [32mÔ£ô[39m Verify that titles in D:\code\jjlmoya-utils-diy\src\tool\thermalExpansionCalculator\i18n\pt.ts do not contain | or -[32m 0[2mms[22m[39m
     [32mÔ£ô[39m Verify that titles in D:\code\jjlmoya-utils-diy\src\tool\thermalExpansionCalculator\i18n\ru.ts do not contain | or -[32m 0[2mms[22m[39m
     [32mÔ£ô[39m Verify that titles in D:\code\jjlmoya-utils-diy\src\tool\thermalExpansionCalculator\i18n\sv.ts do not contain | or -[32m 0[2mms[22m[39m
     [32mÔ£ô[39m Verify that titles in D:\code\jjlmoya-utils-diy\src\tool\thermalExpansionCalculator\i18n\tr.ts do not contain | or -[32m 0[2mms[22m[39m
     [32mÔ£ô[39m Verify that titles in D:\code\jjlmoya-utils-diy\src\tool\thermalExpansionCalculator\i18n\zh.ts do not contain | or -[32m 0[2mms[22m[39m
     [32mÔ£ô[39m Verify that titles in D:\code\jjlmoya-utils-diy\src\tool\voltageDropCalculator\i18n\de.ts do not contain | or -[32m 0[2mms[22m[39m
     [32mÔ£ô[39m Verify that titles in D:\code\jjlmoya-utils-diy\src\tool\voltageDropCalculator\i18n\en.ts do not contain | or -[32m 1[2mms[22m[39m
     [32mÔ£ô[39m Verify that titles in D:\code\jjlmoya-utils-diy\src\tool\voltageDropCalculator\i18n\es.ts do not contain | or -[32m 0[2mms[22m[39m
     [32mÔ£ô[39m Verify that titles in D:\code\jjlmoya-utils-diy\src\tool\voltageDropCalculator\i18n\fr.ts do not contain | or -[32m 0[2mms[22m[39m
     [32mÔ£ô[39m Verify that titles in D:\code\jjlmoya-utils-diy\src\tool\voltageDropCalculator\i18n\id.ts do not contain | or -[32m 0[2mms[22m[39m
     [32mÔ£ô[39m Verify that titles in D:\code\jjlmoya-utils-diy\src\tool\voltageDropCalculator\i18n\it.ts do not contain | or -[32m 0[2mms[22m[39m
     [32mÔ£ô[39m Verify that titles in D:\code\jjlmoya-utils-diy\src\tool\voltageDropCalculator\i18n\ja.ts do not contain | or -[32m 0[2mms[22m[39m
     [32mÔ£ô[39m Verify that titles in D:\code\jjlmoya-utils-diy\src\tool\voltageDropCalculator\i18n\ko.ts do not contain | or -[32m 0[2mms[22m[39m
     [32mÔ£ô[39m Verify that titles in D:\code\jjlmoya-utils-diy\src\tool\voltageDropCalculator\i18n\nl.ts do not contain | or -[32m 0[2mms[22m[39m
     [32mÔ£ô[39m Verify that titles in D:\code\jjlmoya-utils-diy\src\tool\voltageDropCalculator\i18n\pl.ts do not contain | or -[32m 0[2mms[22m[39m
     [32mÔ£ô[39m Verify that titles in D:\code\jjlmoya-utils-diy\src\tool\voltageDropCalculator\i18n\pt.ts do not contain | or -[32m 0[2mms[22m[39m
     [32mÔ£ô[39m Verify that titles in D:\code\jjlmoya-utils-diy\src\tool\voltageDropCalculator\i18n\ru.ts do not contain | or -[32m 0[2mms[22m[39m
     [32mÔ£ô[39m Verify that titles in D:\code\jjlmoya-utils-diy\src\tool\voltageDropCalculator\i18n\sv.ts do not contain | or -[32m 0[2mms[22m[39m
     [32mÔ£ô[39m Verify that titles in D:\code\jjlmoya-utils-diy\src\tool\voltageDropCalculator\i18n\tr.ts do not contain | or -[32m 0[2mms[22m[39m
     [32mÔ£ô[39m Verify that titles in D:\code\jjlmoya-utils-diy\src\tool\voltageDropCalculator\i18n\zh.ts do not contain | or -[32m 0[2mms[22m[39m
     [32mÔ£ô[39m Verify that titles in D:\code\jjlmoya-utils-diy\src\category\i18n\de.ts do not contain | or -[32m 0[2mms[22m[39m
     [32mÔ£ô[39m Verify that titles in D:\code\jjlmoya-utils-diy\src\category\i18n\en.ts do not contain | or -[32m 0[2mms[22m[39m
     [32mÔ£ô[39m Verify that titles in D:\code\jjlmoya-utils-diy\src\category\i18n\es.ts do not contain | or -[32m 0[2mms[22m[39m
     [32mÔ£ô[39m Verify that titles in D:\code\jjlmoya-utils-diy\src\category\i18n\fr.ts do not contain | or -[32m 0[2mms[22m[39m
     [32mÔ£ô[39m Verify that titles in D:\code\jjlmoya-utils-diy\src\category\i18n\id.ts do not contain | or -[32m 0[2mms[22m[39m
     [32mÔ£ô[39m Verify that titles in D:\code\jjlmoya-utils-diy\src\category\i18n\it.ts do not contain | or -[32m 0[2mms[22m[39m
     [32mÔ£ô[39m Verify that titles in D:\code\jjlmoya-utils-diy\src\category\i18n\ja.ts do not contain | or -[32m 0[2mms[22m[39m
     [32mÔ£ô[39m Verify that titles in D:\code\jjlmoya-utils-diy\src\category\i18n\ko.ts do not contain | or -[32m 0[2mms[22m[39m
     [32mÔ£ô[39m Verify that titles in D:\code\jjlmoya-utils-diy\src\category\i18n\nl.ts do not contain | or -[32m 0[2mms[22m[39m
     [32mÔ£ô[39m Verify that titles in D:\code\jjlmoya-utils-diy\src\category\i18n\pl.ts do not contain | or -[32m 0[2mms[22m[39m
     [32mÔ£ô[39m Verify that titles in D:\code\jjlmoya-utils-diy\src\category\i18n\pt.ts do not contain | or -[32m 0[2mms[22m[39m
     [32mÔ£ô[39m Verify that titles in D:\code\jjlmoya-utils-diy\src\category\i18n\ru.ts do not contain | or -[32m 0[2mms[22m[39m
     [32mÔ£ô[39m Verify that titles in D:\code\jjlmoya-utils-diy\src\category\i18n\sv.ts do not contain | or -[32m 0[2mms[22m[39m
     [32mÔ£ô[39m Verify that titles in D:\code\jjlmoya-utils-diy\src\category\i18n\tr.ts do not contain | or -[32m 0[2mms[22m[39m
     [32mÔ£ô[39m Verify that titles in D:\code\jjlmoya-utils-diy\src\category\i18n\zh.ts do not contain | or -[32m 0[2mms[22m[39m

[2m Test Files [22m [1m[31m1 failed[39m[22m[90m (1)[39m
[2m      Tests [22m [1m[31m1 failed[39m[22m[2m | [22m[1m[32m209 passed[39m[22m[90m (210)[39m
[2m   Start at [22m 19:47:09
[2m   Duration [22m 648ms[2m (transform 48ms, setup 0ms, import 132ms, tests 73ms, environment 0ms)[22m

